--- STARTING ACCOUNTING MODULE INTEGRATION TESTS ---

Testing with Company ID: 123b8bee-baab-4763-a152-680cb80981e8

[Test 1] Jamaica Income Tax Calculation
node : Test Suite Failed: 
Error: Tax policies fetch 
failed: Could not find the 
table 
'public.tax_policy_store' 
in the schema cache
At line:1 char:1
+ node 
scripts/test_accounting.js 
> test_output.txt 2>&1 ; 
cat test_out ...
+ ~~~~~~~~~~~~~~~~~~~~~~~~~
~~~~~~~~~~~~~~~~~~~~~~~~~~~
~~
    + CategoryInfo         
     : NotSpecified: (Tes  
  t Suite Fail...he sche   
 ma cache:String) [], R    
emoteException
    + FullyQualifiedErrorI 
   d : NativeCommandError
 
    at getAllPoliciesAsOf (
C:\Users\Shamz\Desktop\ICSS
 Command Center\src\service
s\taxEngineService.js:48:22
)
    at process.processTicks
AndRejections (node:interna
l/process/task_queues:103:5
)
    at async computeSoleTra
derContributions (C:\Users\
Shamz\Desktop\ICSS Command 
Center\src\services\taxEngi
neService.js:120:22)
    at async runTests (C:\U
sers\Shamz\Desktop\ICSS 
Command Center\scripts\test
_accounting.js:24:24)
